// Jest Snapshot v1, https://goo.gl/fbAQLP

exports[`renders correctly 1`] = `
<div>
  <h3>
    Service Answer Details
  </h3>
  <select
    className="answer-details-select-id form-control"
    onChange={[Function]}
    value={1}
  >
    <option
      className="select-other-answer"
      value={1}
    />
    <option
      className="select-other-answer"
      value={2}
    >
      0
    </option>
  </select>
  <label>
    Service Answer Answer
  </label>
  <br />
  <input
    className="form-control answers-choice-answer"
    onChange={[Function]}
    value="null"
  />
  <input
    className="form-control answers-max-answer"
    value="25000"
  />
  <input
    className="form-control answers-min-answer"
    value="600"
  />
</div>
`;
