// Jest Snapshot v1, https://goo.gl/fbAQLP

exports[`renders correctly 1`] = `
<table
  className="table"
>
  <thead>
    <tr>
      <th>
        User ID
      </th>
      <th>
        Service Question ID
      </th>
      <th>
        Choice Answer
      </th>
      <th>
        T/F
      </th>
      <th>
        Min Range
      </th>
      <th>
        Max Range
      </th>
    </tr>
  </thead>
  <tbody>
    <tr>
      <td
        align="center"
      >
        1
      </td>
      <td
        align="center"
      >
        1
      </td>
      <a
        href="/admin/service-answers/1"
        onClick={[Function]}
      >
        <td
          align="center"
        />
        <td
          align="center"
        />
        <td
          align="center"
        >
          25000
        </td>
        <td
          align="center"
        >
          600
        </td>
      </a>
      <span
        onClick={[Function]}
      >
        X
      </span>
    </tr>
    <tr>
      <td
        align="center"
      >
        1
      </td>
      <td
        align="center"
      >
        4
      </td>
      <a
        href="/admin/service-answers/2"
        onClick={[Function]}
      >
        <td
          align="center"
        >
          0
        </td>
        <td
          align="center"
        />
        <td
          align="center"
        />
        <td
          align="center"
        />
      </a>
      <span
        onClick={[Function]}
      >
        X
      </span>
    </tr>
  </tbody>
</table>
`;
