// Jest Snapshot v1, https://goo.gl/fbAQLP

exports[`Render filter button 1`] = `
<button
  className="btn-lg btn"
  onClick={[Function]}
  style={
    Object {
      "color": "#FEC107",
      "position": "fixed",
      "right": 10,
    }
  }
>
  <i
    className="fas fa-search fa-2x"
  />
</button>
`;
